
     Reading Dynamical Matrix from file mgb2.dynG
     ...Force constants read
     ...epsilon and Z* not read (not found on file)
     A direction for q was not specified:TO-LO splitting will be absent

     Polarizability (A^3 units)
     multiply by 1.000000 for Clausius-Mossotti correction
         0.000000    0.000000    0.000000
         0.000000    0.000000    0.000000
         0.000000    0.000000    0.000000

     IR cross sections are in (D/A)^2/amu units

#  mode   [cm-1]     [THz]       IR
    1      0.00    0.0000    0.0000
    2      0.00    0.0000    0.0000
    3      0.00    0.0000    0.0000
    4    314.23    9.4202    0.0000
    5    314.23    9.4202    0.0000
    6    370.17   11.0973    0.0000
    7    499.00   14.9596    0.0000
    8    499.00   14.9596    0.0000
    9    660.83   19.8109    0.0000
