     diagonalizing the dynamical matrix ...

 q =       0.0000      0.0000      0.0000
 **************************************************************************
     omega( 1) =       0.000000 [THz] =      -0.000005 [cm-1]
 (  0.074655   0.000000     0.522250   0.000000    -0.234552   0.000000   )
 (  0.074655   0.000000     0.522250   0.000000    -0.234552   0.000000   )
 (  0.074655   0.000000     0.522250   0.000000    -0.234552   0.000000   )
     omega( 2) =       0.000000 [THz] =      -0.000003 [cm-1]
 (  0.040208   0.000000     0.231171   0.000000     0.527519   0.000000   )
 (  0.040208   0.000000     0.231171   0.000000     0.527519   0.000000   )
 (  0.040208   0.000000     0.231171   0.000000     0.527519   0.000000   )
     omega( 3) =       0.000000 [THz] =       0.000005 [cm-1]
 (  0.571090   0.000000    -0.084546   0.000000    -0.006479   0.000000   )
 (  0.571090   0.000000    -0.084546   0.000000    -0.006479   0.000000   )
 (  0.571090   0.000000    -0.084546   0.000000    -0.006479   0.000000   )
     omega( 4) =       9.420167 [THz] =     314.225048 [cm-1]
 ( -0.078941   0.000000     0.533271   0.000000     0.000000   0.000000   )
 (  0.087212   0.000000    -0.589143   0.000000     0.000000   0.000000   )
 (  0.087212   0.000000    -0.589143   0.000000     0.000000   0.000000   )
     omega( 5) =       9.420167 [THz] =     314.225048 [cm-1]
 ( -0.533271   0.000000    -0.078941   0.000000     0.000000   0.000000   )
 (  0.589143   0.000000     0.087212   0.000000     0.000000   0.000000   )
 (  0.589143   0.000000     0.087212   0.000000     0.000000   0.000000   )
     omega( 6) =      11.097332 [THz] =     370.169606 [cm-1]
 (  0.000000   0.000000     0.000000   0.000000    -0.539082   0.000000   )
 (  0.000000   0.000000     0.000000   0.000000     0.595563   0.000000   )
 (  0.000000   0.000000     0.000000   0.000000     0.595563   0.000000   )
     omega( 7) =      14.959576 [THz] =     499.001049 [cm-1]
 (  0.000000   0.000000     0.000000   0.000000     0.000000   0.000000   )
 (  0.694089   0.000000    -0.135055   0.000000     0.000000   0.000000   )
 ( -0.694089   0.000000     0.135055   0.000000     0.000000   0.000000   )
     omega( 8) =      14.959576 [THz] =     499.001049 [cm-1]
 (  0.000000   0.000000     0.000000   0.000000     0.000000   0.000000   )
 ( -0.135055   0.000000    -0.694089   0.000000     0.000000   0.000000   )
 (  0.135055   0.000000     0.694089   0.000000     0.000000   0.000000   )
     omega( 9) =      19.810926 [THz] =     660.825750 [cm-1]
 (  0.000000   0.000000     0.000000   0.000000     0.000000   0.000000   )
 (  0.000000   0.000000     0.000000   0.000000    -0.707107   0.000000   )
 (  0.000000   0.000000     0.000000   0.000000     0.707107   0.000000   )
 **************************************************************************
