Norm of the difference between old and new effective charges:    0.00000000000000000000
Norm of the difference between old and new force-constants:   0.00011075535746680777
     Message from routine matdyn:
     Z* not found in file mgb2666.fc, TO-LO splitting at q=0 will be absent!
     A direction for q was not specified:TO-LO splitting will be absent
