
     Program PWSCF v.4.2.1      starts on 28Jul2010 at 19: 6:59 

     This program is part of the open-source Quantum ESPRESSO suite
     for quantum simulation of materials; please acknowledge
         "P. Giannozzi et al., J. Phys.:Condens. Matter 21 395502 (2009);
          URL http://www.quantum-espresso.org", 
     in publications or presentations arising from this work. More details at
     http://www.quantum-espresso.org/wiki/index.php/Citing_Quantum-ESPRESSO

     Parallel version (MPI), running on     1 processors

     Current dimensions of program PWSCF are:
     Max number of different atomic species (ntypx) = 10
     Max number of k-points (npk) =  40000
     Max angular momentum in pseudopotentials (lmaxx) =  3
     Waiting for input...

     Subspace diagonalization in iterative solution of the eigenvalue problem:
     Too few procs for parallel algorithm: we need at least 4 procs per pool
     a serial algorithm will be used


     Planes per process (thick) : nr3 =  32 npp =   32 ncplane =   225

     Proc/  planes cols     G    planes cols    G      columns  G
     Pool       (dense grid)       (smooth grid)      (wavefct grid)
        1    32    151     3073   32    151     3073     55      613



     bravais-lattice index     =            4
     lattice parameter (a_0)   =       5.7000  a.u.
     unit-cell volume          =     352.8401 (a.u.)^3
     number of atoms/cell      =            6
     number of atomic types    =            3
     number of electrons       =        17.00
     number of Kohn-Sham states=           13
     kinetic-energy cutoff     =      16.0000  Ry
     charge density cutoff     =      64.0000  Ry
     convergence threshold     =      1.0E-10
     mixing beta               =       0.4000
     number of iterations used =            8  plain     mixing
     Exchange-correlation      = 'PBE' --OPIUM GENERA (1434)
     EXX-fraction              =        0.00

     celldm(1)=   5.700000  celldm(2)=   0.000000  celldm(3)=   2.200000
     celldm(4)=   0.000000  celldm(5)=   0.000000  celldm(6)=   0.000000

     crystal axes: (cart. coord. in units of a_0)
               a(1) = (  1.000000  0.000000  0.000000 )  
               a(2) = ( -0.500000  0.866025  0.000000 )  
               a(3) = (  0.000000  0.000000  2.200000 )  

     reciprocal axes: (cart. coord. in units 2 pi/a_0)
               b(1) = (  1.000000  0.577350 -0.000000 )  
               b(2) = (  0.000000  1.154701  0.000000 )  
               b(3) = (  0.000000 -0.000000  0.454545 )  


     PseudoPot. # 1 for Al read from file al.ncpp
     Pseudo is Norm-conserving + core correction, Zval =  3.0
     Generated by old ld1 code (numerical format)
     Using radial grid of 1142 points,  2 beta functions with: 
                l(1) =   1
                l(2) =   2

     PseudoPot. # 2 for B  read from file b.ncpp
     Pseudo is Norm-conserving, Zval =  3.0
     Generated by old ld1 code (numerical format)
     Using radial grid of 1118 points,  1 beta functions with: 
                l(1) =   0

     PseudoPot. # 3 for Mg read from file mg.ncpp
     Pseudo is Norm-conserving + core correction, Zval =  2.0
     Generated by old ld1 code (numerical format)
     Using radial grid of 1140 points,  2 beta functions with: 
                l(1) =   1
                l(2) =   2

     atomic species   valence    mass     pseudopotential
        Al             3.00    26.98250     Al( 1.00)
        B              3.00    11.00000     B ( 1.00)
        Mg             2.00    24.30500     Mg( 1.00)

     12 Sym.Ops. (no inversion)


   Cartesian axes

     site n.     atom                  positions (a_0 units)
         1           Al  tau(  1) = (   0.0000000   0.0000000   0.0000000  )
         2           B   tau(  2) = (   0.5000000   0.2886751   0.5205214  )
         3           B   tau(  3) = (   0.0000000   0.5773503   0.5205214  )
         4           Mg  tau(  4) = (   0.0000000   0.0000000   1.1120514  )
         5           B   tau(  5) = (   0.5000000   0.2886751   1.7035816  )
         6           B   tau(  6) = (   0.0000000   0.5773503   1.7035816  )

     number of k points=    12  gaussian broad. (Ry)=  0.0500     ngauss =   1
                       cart. coord. in units 2pi/a_0
        k(    1) = (   0.0000000   0.0000000   0.0000000), wk =   0.0312500
        k(    2) = (   0.0000000   0.0000000   0.1136364), wk =   0.0625000
        k(    3) = (   0.0000000   0.0000000  -0.2272727), wk =   0.0312500
        k(    4) = (   0.0000000   0.2886751   0.0000000), wk =   0.1875000
        k(    5) = (   0.0000000   0.2886751   0.1136364), wk =   0.3750000
        k(    6) = (   0.0000000   0.2886751  -0.2272727), wk =   0.1875000
        k(    7) = (   0.0000000  -0.5773503   0.0000000), wk =   0.0937500
        k(    8) = (   0.0000000  -0.5773503   0.1136364), wk =   0.1875000
        k(    9) = (   0.0000000  -0.5773503  -0.2272727), wk =   0.0937500
        k(   10) = (   0.2500000   0.4330127   0.0000000), wk =   0.1875000
        k(   11) = (   0.2500000   0.4330127   0.1136364), wk =   0.3750000
        k(   12) = (   0.2500000   0.4330127  -0.2272727), wk =   0.1875000

     G cutoff =   52.6708  (   3073 G-vectors)     FFT grid: ( 15, 15, 32)

     Largest allocated arrays     est. size (Mb)     dimensions
        Kohn-Sham Wavefunctions         0.08 Mb     (    399,  13)
        NL pseudopotentials             0.12 Mb     (    399,  20)
        Each V/rho on FFT grid          0.11 Mb     (   7200)
        Each G-vector array             0.02 Mb     (   3073)
        G-vector shells                 0.00 Mb     (    206)
     Largest temporary arrays     est. size (Mb)     dimensions
        Auxiliary wavefunctions         0.32 Mb     (    399,  52)
        Each subspace H/S matrix        0.04 Mb     (     52,  52)
        Each <psi_i|beta_j> matrix      0.00 Mb     (     20,  13)
        Arrays for rho mixing           0.88 Mb     (   7200,   8)

     Check: negative/imaginary core charge=   -0.000050    0.000000

     Initial potential from superposition of free atoms

     starting charge   13.19888, renormalised to   17.00000
     Starting wfc are   34 atomic wfcs

     total cpu time spent up to now is      0.66 secs

     per-process dynamical memory:     5.2 Mb

     Self-consistent Calculation

     iteration #  1     ecut=    16.00 Ry     beta=0.40
     Davidson diagonalization with overlap
     ethr =  1.00E-02,  avg # of iterations =  2.0

     total cpu time spent up to now is      0.91 secs

     total energy              =     -30.49067010 Ry
     Harris-Foulkes estimate   =     -31.25332403 Ry
     estimated scf accuracy    <       1.40985911 Ry

     iteration #  2     ecut=    16.00 Ry     beta=0.40
     Davidson diagonalization with overlap
     ethr =  8.29E-03,  avg # of iterations =  2.4

     total cpu time spent up to now is      1.16 secs

     total energy              =     -30.82858371 Ry
     Harris-Foulkes estimate   =     -31.13753651 Ry
     estimated scf accuracy    <       0.83978173 Ry

     iteration #  3     ecut=    16.00 Ry     beta=0.40
     Davidson diagonalization with overlap
     ethr =  4.94E-03,  avg # of iterations =  2.0

     total cpu time spent up to now is      1.38 secs

     total energy              =     -30.96277067 Ry
     Harris-Foulkes estimate   =     -30.96489267 Ry
     estimated scf accuracy    <       0.01238330 Ry

     iteration #  4     ecut=    16.00 Ry     beta=0.40
     Davidson diagonalization with overlap
     ethr =  7.28E-05,  avg # of iterations =  3.4

     total cpu time spent up to now is      1.67 secs

     total energy              =     -30.96376828 Ry
     Harris-Foulkes estimate   =     -30.96660260 Ry
     estimated scf accuracy    <       0.01145741 Ry

     iteration #  5     ecut=    16.00 Ry     beta=0.40
     Davidson diagonalization with overlap
     ethr =  6.74E-05,  avg # of iterations =  1.4

     total cpu time spent up to now is      1.88 secs

     total energy              =     -30.96543493 Ry
     Harris-Foulkes estimate   =     -30.96537921 Ry
     estimated scf accuracy    <       0.00153395 Ry

     iteration #  6     ecut=    16.00 Ry     beta=0.40
     Davidson diagonalization with overlap
     ethr =  9.02E-06,  avg # of iterations =  1.9

     total cpu time spent up to now is      2.09 secs

     total energy              =     -30.96555514 Ry
     Harris-Foulkes estimate   =     -30.96560388 Ry
     estimated scf accuracy    <       0.00016522 Ry

     iteration #  7     ecut=    16.00 Ry     beta=0.40
     Davidson diagonalization with overlap
     ethr =  9.72E-07,  avg # of iterations =  1.6

     total cpu time spent up to now is      2.29 secs

     total energy              =     -30.96556214 Ry
     Harris-Foulkes estimate   =     -30.96557121 Ry
     estimated scf accuracy    <       0.00001916 Ry

     iteration #  8     ecut=    16.00 Ry     beta=0.40
     Davidson diagonalization with overlap
     ethr =  1.13E-07,  avg # of iterations =  2.3

     total cpu time spent up to now is      2.51 secs

     total energy              =     -30.96556700 Ry
     Harris-Foulkes estimate   =     -30.96556992 Ry
     estimated scf accuracy    <       0.00000835 Ry

     iteration #  9     ecut=    16.00 Ry     beta=0.40
     Davidson diagonalization with overlap
     ethr =  4.91E-08,  avg # of iterations =  2.0

     total cpu time spent up to now is      2.73 secs

     total energy              =     -30.96556826 Ry
     Harris-Foulkes estimate   =     -30.96556826 Ry
     estimated scf accuracy    <       0.00000003 Ry

     iteration # 10     ecut=    16.00 Ry     beta=0.40
     Davidson diagonalization with overlap
     ethr =  1.83E-10,  avg # of iterations =  2.8

     total cpu time spent up to now is      2.99 secs

     total energy              =     -30.96556827 Ry
     Harris-Foulkes estimate   =     -30.96556827 Ry
     estimated scf accuracy    <          9.3E-09 Ry

     iteration # 11     ecut=    16.00 Ry     beta=0.40
     Davidson diagonalization with overlap
     ethr =  5.50E-11,  avg # of iterations =  1.7

     total cpu time spent up to now is      3.19 secs

     total energy              =     -30.96556827 Ry
     Harris-Foulkes estimate   =     -30.96556827 Ry
     estimated scf accuracy    <          6.9E-10 Ry

     iteration # 12     ecut=    16.00 Ry     beta=0.40
     Davidson diagonalization with overlap
     ethr =  4.05E-12,  avg # of iterations =  2.0

     total cpu time spent up to now is      3.40 secs

     End of self-consistent calculation

          k = 0.0000 0.0000 0.0000 (   399 PWs)   bands (ev):

    -4.7125  -2.6484   0.9630   6.4378   9.5686   9.5686  10.3518  10.3519
    11.1509  14.7125  14.7125  16.0477  16.0477

          k = 0.0000 0.0000 0.1136 (   394 PWs)   bands (ev):

    -4.6213  -2.9284   1.6326   5.2540   9.6541   9.6541  10.2864  10.2864
    12.7127  14.7457  14.7457  15.9860  15.9860

          k = 0.0000 0.0000-0.2273 (   388 PWs)   bands (ev):

    -4.4996  -3.2016   2.8204   3.7091   9.8633   9.8633  10.1748  10.1748
    14.8504  14.8504  15.1882  15.9191  15.9191

          k = 0.0000 0.2887 0.0000 (   382 PWs)   bands (ev):

    -3.5253  -1.5745   2.2196   5.2172   6.4293   7.6253   7.7024   8.5071
    12.0426  12.2361  13.8435  15.4279  17.8045

          k = 0.0000 0.2887 0.1136 (   383 PWs)   bands (ev):

    -3.4474  -1.8274   2.8474   5.2844   6.2750   6.5126   7.7408   8.4338
    12.6530  13.1443  14.3108  15.1817  16.1110

          k = 0.0000 0.2887-0.2273 (   380 PWs)   bands (ev):

    -3.3403  -2.0811   3.9933   4.9116   5.3939   6.2548   7.8424   8.3666
    13.2929  13.8172  14.3044  15.4181  16.5271

          k = 0.0000-0.5774 0.0000 (   378 PWs)   bands (ev):

    -0.3825   0.1453   1.4594   1.7065   5.0500   6.6081   7.2581   7.3938
    10.0967  12.4186  12.7811  14.9994  15.0796

          k = 0.0000-0.5774 0.1136 (   380 PWs)   bands (ev):

    -0.2947   0.2484   1.2069   1.5314   5.6438   6.6570   7.3400   7.7883
     9.0393  11.2410  12.7866  14.7343  16.4986

          k = 0.0000-0.5774-0.2273 (   384 PWs)   bands (ev):

    -0.2051   0.3427   0.9632   1.3517   6.6892   6.7297   7.3044   7.6574
     8.7529   9.8455  12.8454  14.5124  17.8331

          k = 0.2500 0.4330 0.0000 (   382 PWs)   bands (ev):

    -1.2638   0.5356   2.7644   3.6232   4.2635   4.6034   4.8235   8.7880
     9.7966  12.5801  13.8561  14.3936  16.8565

          k = 0.2500 0.4330 0.1136 (   379 PWs)   bands (ev):

    -1.1720   0.3098   2.8429   3.6896   4.1061   4.6809   5.2449   8.6797
     9.3142  12.6689  12.9785  15.8388  16.6827

          k = 0.2500 0.4330-0.2273 (   382 PWs)   bands (ev):

    -1.0583   0.0832   2.9164   3.7435   3.9073   4.5735   6.2951   7.2956
    10.2615  11.3023  13.5538  15.6962  17.9388

     the Fermi energy is    10.3188 ev

!    total energy              =     -30.96556827 Ry
     Harris-Foulkes estimate   =     -30.96556827 Ry
     estimated scf accuracy    <          3.5E-11 Ry

     The total energy is the sum of the following terms:

     one-electron contribution =      12.50082508 Ry
     hartree contribution      =       3.97854282 Ry
     xc contribution           =     -14.40320133 Ry
     ewald contribution        =     -33.04154502 Ry
     smearing contrib. (-TS)   =      -0.00018982 Ry

     convergence has been achieved in  12 iterations

     Forces acting on atoms (Ry/au):

     atom   1 type  1   force =     0.00000000    0.00000000    0.01889941
     atom   2 type  2   force =     0.00000000   -0.00000000    0.01325835
     atom   3 type  2   force =     0.00000000    0.00000000    0.01325835
     atom   4 type  3   force =     0.00000000   -0.00000000   -0.00291622
     atom   5 type  2   force =    -0.00000000    0.00000000   -0.02124995
     atom   6 type  2   force =     0.00000000   -0.00000000   -0.02124995

     Total force =     0.040254     Total SCF correction =     0.000012


     entering subroutine stress ...

          total   stress  (Ry/bohr**3)                   (kbar)     P= -131.82
  -0.00086226  -0.00000000   0.00000000       -126.84     -0.00      0.00
  -0.00000000  -0.00086226   0.00000000         -0.00   -126.84      0.00
   0.00000000   0.00000000  -0.00096375          0.00      0.00   -141.77


     Writing output data file mgalb4.save

     init_run     :      0.51s CPU      0.52s WALL (       1 calls)
     electrons    :      1.06s CPU      2.74s WALL (       1 calls)
     forces       :      0.05s CPU      0.07s WALL (       1 calls)
     stress       :      0.18s CPU      0.21s WALL (       1 calls)

     Called by init_run:
     wfcinit      :      0.18s CPU      0.19s WALL (       1 calls)
     potinit      :      0.02s CPU      0.03s WALL (       1 calls)

     Called by electrons:
     c_bands      :      0.82s CPU      2.19s WALL (      12 calls)
     sum_band     :      0.15s CPU      0.42s WALL (      12 calls)
     v_of_rho     :      0.07s CPU      0.10s WALL (      13 calls)
     mix_rho      :      0.01s CPU      0.01s WALL (      12 calls)

     Called by c_bands:
     init_us_2    :      0.07s CPU      0.11s WALL (     324 calls)
     cegterg      :      0.82s CPU      2.11s WALL (     144 calls)

     Called by *egterg:
     h_psi        :      0.69s CPU      1.69s WALL (     462 calls)
     g_psi        :      0.00s CPU      0.03s WALL (     306 calls)
     cdiaghg      :      0.09s CPU      0.19s WALL (     450 calls)

     Called by h_psi:
     add_vuspsi   :      0.05s CPU      0.09s WALL (     462 calls)

     General routines
     calbec       :      0.06s CPU      0.11s WALL (     486 calls)
     cft3s        :      0.59s CPU      1.59s WALL (   11575 calls)
     davcio       :      0.00s CPU      0.03s WALL (     468 calls)

     Parallel routines

     PWSCF        :     1.95s CPU time,        3.76s WALL time


   This run was terminated on:  19: 7: 3  28Jul2010            

=------------------------------------------------------------------------------=
   JOB DONE.
=------------------------------------------------------------------------------=
